
> go-easy-crm@0.1.0 build
> next build

▲ Next.js 16.2.1 (Turbopack)
- Environments: .env.local

node.exe : ⚠ The "middleware" file convention is 
deprecated. Please use "proxy" instead. Learn more: 
https://nextjs.org/docs/messages/middleware-to-proxy
En línea: 1 Carácter: 1
+ & "C:\Program Files\nodejs/node.exe" "C:\Program 
Files\nodejs/node_mo ...
+ ~~~~~~~~~~~~~~~~~~~~~~~~~~~~~~~~~~~~~~~~~~~~~~~~~~~~~~~
~~~~~~~~~~~~~~
    + CategoryInfo          : NotSpecified: (⚠ The "mid  
  dlewa...leware-to-proxy:String) [], RemoteException
    + FullyQualifiedErrorId : NativeCommandError
 
  Creating an optimized production build ...

> Build error occurred
Error: Turbopack build failed with 1 errors:
./src/app/api/webhooks/whatsapp/route.ts:98:5
Return statement is not allowed here
  [90m 96 |[0m
  [90m 97 |[0m     [90m// Always respond with 200 to 
acknowledge the webhook[0m
[31m[1m>[0m [90m 98 |[0m     [36mreturn[0m 
[33mNextResponse[0m.json({ status: [32m'ok'[0m })
  [90m    |[0m     
[31m[1m^^^^^^^^^^^^^^^^^^^^^^^^^^^^^^^^^^^^^^^^^^[0m
  [90m 99 |[0m   } [36mcatch[0m (error) {
  [90m100 |[0m     console.error([32m'Webhook 
error:'[0m, error)
  [90m101 |[0m     [36mreturn[0m 
[33mNextResponse[0m.json({ error: [32m'Internal 
Server Error'[0m }, { status: [35m500[0m })

Parsing ecmascript source code failed


    at <unknown> 
(./src/app/api/webhooks/whatsapp/route.ts:98:5)
